../Core/Src/Lcd.c:6:6:LCD_Delay	16	static
../Core/Src/Lcd.c:11:6:LCD_Data_out	16	static
../Core/Src/Lcd.c:34:6:LCD_Write4bit	16	static
../Core/Src/Lcd.c:44:6:LCD_WriteCMD	16	static
../Core/Src/Lcd.c:52:6:LCD_SetCursorPos	24	static
../Core/Src/Lcd.c:70:6:LCD_Clear	8	static
../Core/Src/Lcd.c:76:6:LCD_WriteData	16	static
../Core/Src/Lcd.c:84:6:LCD_Init	8	static
../Core/Src/Lcd.c:108:6:LCD_PrintChar	16	static
../Core/Src/Lcd.c:114:6:LCD_PrintString	16	static
../Core/Src/Lcd.c:123:6:LCD_PrintNum	40	static
