../Core/Src/main.c:81:6:PID_Control_A	8	static
../Core/Src/main.c:102:6:PID_Control_B	8	static
../Core/Src/main.c:123:6:Set_Ctrl	8	static
../Core/Src/main.c:149:6:Mode	8	static
../Core/Src/main.c:243:6:Set_Start_Stop	8	static
../Core/Src/main.c:341:6:Manual_A	8	static
../Core/Src/main.c:368:6:Tare	8	static
../Core/Src/main.c:402:6:Manual_B	8	static
../Core/Src/main.c:430:6:Up	16	static
../Core/Src/main.c:451:6:LCD_Update	8	static
../Core/Src/main.c:466:2:__io_putchar	16	static
../Core/Src/main.c:473:6:ProcessData_A	112	static
../Core/Src/main.c:487:6:ProcessData_B	112	static
../Core/Src/main.c:503:6:HAL_UART_RxCpltCallback	24	static
../Core/Src/main.c:579:6:HAL_ADC_ConvCpltCallback	16	static
../Core/Src/main.c:596:6:HAL_TIM_PeriodElapsedCallback	16	static
../Core/Src/main.c:629:6:HAL_GPIO_EXTI_Callback	16	static
../Core/Src/main.c:644:5:main	8	static
../Core/Src/main.c:763:6:SystemClock_Config	88	static
../Core/Src/main.c:794:13:MX_ADC1_Init	24	static
../Core/Src/main.c:821:13:MX_ADC2_Init	24	static
../Core/Src/main.c:848:13:MX_DAC_Init	16	static
../Core/Src/main.c:867:13:MX_TIM3_Init	32	static
../Core/Src/main.c:894:13:MX_TIM4_Init	32	static
../Core/Src/main.c:921:13:MX_UART4_Init	8	static
../Core/Src/main.c:937:13:MX_USART1_UART_Init	8	static
../Core/Src/main.c:953:13:MX_USART3_UART_Init	8	static
../Core/Src/main.c:970:13:MX_GPIO_Init	48	static
../Core/Src/main.c:1064:6:Error_Handler	4	static,ignoring_inline_asm
