../Core/Src/main.c:71:1:__io_putchar	16	static
../Core/Src/main.c:159:6:SendMQTT	8	static
../Core/Src/main.c:177:6:SendData	640	static
../Core/Src/main.c:258:6:ConnectMQTT	552	static
../Core/Src/main.c:345:6:Send_AT_Commands_SendMessager	72	dynamic
../Core/Src/main.c:404:6:Send_AT_Commands_ConnectMQTT	72	dynamic
../Core/Src/main.c:466:6:HAL_UART_RxCpltCallback	24	static
../Core/Src/main.c:535:6:Received_AT_Commands_ESP	4	static
../Core/Src/main.c:540:6:Received_AT_Commands_ESP_MessagerMQTT	16	static
../Core/Src/main.c:587:6:ParseJson	16	static
../Core/Src/main.c:660:6:clearbuffer_UART_ESP	16	static
../Core/Src/main.c:670:6:clearResponse	16	static
../Core/Src/main.c:680:6:Send_AT_Commands_Setting	80	static
../Core/Src/main.c:727:6:SettingESP	8	static
../Core/Src/main.c:773:5:main	24	static
../Core/Src/main.c:833:6:SystemClock_Config	80	static
../Core/Src/main.c:875:13:MX_DAC_Init	16	static
../Core/Src/main.c:922:13:MX_UART4_Init	8	static
../Core/Src/main.c:955:13:MX_USART1_UART_Init	8	static
../Core/Src/main.c:988:13:MX_USART2_UART_Init	8	static
../Core/Src/main.c:1021:13:MX_GPIO_Init	56	static
../Core/Src/main.c:1116:6:Error_Handler	4	static,ignoring_inline_asm
../Core/Src/main.c:1135:6:assert_failed	16	static
